// Jest Snapshot v1, https://goo.gl/fbAQLP

exports[`DomTags passes a snapshot test 1`] = `
<DomTags
  className=""
  tag="div"
  tagRef={null}
>
  ohai
</DomTags>
`;
